
> backend@1.0.0 build
> tsc

src/config/prisma.ts(6,35): error TS2345: Argument of type '{ host: string | undefined; user: string | undefined; password: string | undefined; database: string | undefined; connectionLimit: number; }' is not assignable to parameter of type 'string | PoolConfig'.
  Type '{ host: string | undefined; user: string | undefined; password: string | undefined; database: string | undefined; connectionLimit: number; }' is not assignable to type 'PoolConfig' with 'exactOptionalPropertyTypes: true'. Consider adding 'undefined' to the types of the target's properties.
    Types of property 'host' are incompatible.
      Type 'string | undefined' is not assignable to type 'string'.
        Type 'undefined' is not assignable to type 'string'.
src/controller/school/School.controller.ts(22,9): error TS2375: Type '{ name: string; establishDate?: Date | undefined; address?: string | undefined; city?: string | undefined; state?: string | undefined; country?: string | undefined; postalCode?: string | undefined; phone?: string | undefined; email?: string | undefined; website?: string | undefined; }' is not assignable to type '(Without<SchoolCreateInput, SchoolUncheckedCreateInput> & SchoolUncheckedCreateInput) | (Without<...> & SchoolCreateInput)' with 'exactOptionalPropertyTypes: true'. Consider adding 'undefined' to the types of the target's properties.
  Type '{ name: string; establishDate?: Date | undefined; address?: string | undefined; city?: string | undefined; state?: string | undefined; country?: string | undefined; postalCode?: string | undefined; phone?: string | undefined; email?: string | undefined; website?: string | undefined; }' is not assignable to type 'Without<SchoolUncheckedCreateInput, SchoolCreateInput> & SchoolCreateInput' with 'exactOptionalPropertyTypes: true'. Consider adding 'undefined' to the types of the target's properties.
    Type '{ name: string; establishDate?: Date | undefined; address?: string | undefined; city?: string | undefined; state?: string | undefined; country?: string | undefined; postalCode?: string | undefined; phone?: string | undefined; email?: string | undefined; website?: string | undefined; }' is not assignable to type 'SchoolCreateInput' with 'exactOptionalPropertyTypes: true'. Consider adding 'undefined' to the types of the target's properties.
      Types of property 'establishDate' are incompatible.
        Type 'Date | undefined' is not assignable to type 'string | Date | null'.
          Type 'undefined' is not assignable to type 'string | Date | null'.
src/controller/school/School.controller.ts(72,9): error TS2375: Type '{ id: string | undefined; }' is not assignable to type 'SchoolWhereUniqueInput' with 'exactOptionalPropertyTypes: true'. Consider adding 'undefined' to the types of the target's properties.
  Type '{ id: string | undefined; }' is not assignable to type '{ id: string; email: string; } & { id?: string; email?: string; AND?: SchoolWhereInput | SchoolWhereInput[]; OR?: SchoolWhereInput[]; ... 16 more ...; academicYears?: AcademicYearListRelationFilter; }'.
    Property 'email' is missing in type '{ id: string | undefined; }' but required in type '{ id: string; email: string; }'.
src/controller/school/School.controller.ts(108,9): error TS2375: Type '{ id: string | undefined; }' is not assignable to type 'SchoolWhereUniqueInput' with 'exactOptionalPropertyTypes: true'. Consider adding 'undefined' to the types of the target's properties.
  Type '{ id: string | undefined; }' is not assignable to type '{ id: string; email: string; } & { id?: string; email?: string; AND?: SchoolWhereInput | SchoolWhereInput[]; OR?: SchoolWhereInput[]; ... 16 more ...; academicYears?: AcademicYearListRelationFilter; }'.
    Property 'email' is missing in type '{ id: string | undefined; }' but required in type '{ id: string; email: string; }'.
src/controller/school/School.controller.ts(109,9): error TS2375: Type '{ name?: string | undefined; establishDate?: Date | undefined; address?: string | undefined; city?: string | undefined; state?: string | undefined; country?: string | undefined; postalCode?: string | undefined; phone?: string | undefined; email?: string | undefined; website?: string | undefined; }' is not assignable to type '(Without<SchoolUpdateInput, SchoolUncheckedUpdateInput> & SchoolUncheckedUpdateInput) | (Without<...> & SchoolUpdateInput)' with 'exactOptionalPropertyTypes: true'. Consider adding 'undefined' to the types of the target's properties.
  Type '{ name?: string | undefined; establishDate?: Date | undefined; address?: string | undefined; city?: string | undefined; state?: string | undefined; country?: string | undefined; postalCode?: string | undefined; phone?: string | undefined; email?: string | undefined; website?: string | undefined; }' is not assignable to type 'Without<SchoolUncheckedUpdateInput, SchoolUpdateInput> & SchoolUpdateInput' with 'exactOptionalPropertyTypes: true'. Consider adding 'undefined' to the types of the target's properties.
    Type '{ name?: string | undefined; establishDate?: Date | undefined; address?: string | undefined; city?: string | undefined; state?: string | undefined; country?: string | undefined; postalCode?: string | undefined; phone?: string | undefined; email?: string | undefined; website?: string | undefined; }' is not assignable to type 'SchoolUpdateInput' with 'exactOptionalPropertyTypes: true'. Consider adding 'undefined' to the types of the target's properties.
      Types of property 'name' are incompatible.
        Type 'string | undefined' is not assignable to type 'string | StringFieldUpdateOperationsInput'.
          Type 'undefined' is not assignable to type 'string | StringFieldUpdateOperationsInput'.
src/controller/school/School.controller.ts(119,9): error TS2375: Type '{ id: string | undefined; }' is not assignable to type 'SchoolWhereUniqueInput' with 'exactOptionalPropertyTypes: true'. Consider adding 'undefined' to the types of the target's properties.
  Type '{ id: string | undefined; }' is not assignable to type '{ id: string; email: string; } & { id?: string; email?: string; AND?: SchoolWhereInput | SchoolWhereInput[]; OR?: SchoolWhereInput[]; ... 16 more ...; academicYears?: AcademicYearListRelationFilter; }'.
    Property 'email' is missing in type '{ id: string | undefined; }' but required in type '{ id: string; email: string; }'.
src/controller/student/Academic.ts(23,9): error TS2375: Type '{ id: string | undefined; }' is not assignable to type 'AcademicYearWhereUniqueInput' with 'exactOptionalPropertyTypes: true'. Consider adding 'undefined' to the types of the target's properties.
  Type '{ id: string | undefined; }' is not assignable to type '{ id: string; schoolId_name: AcademicYearSchoolIdNameCompoundUniqueInput; } & { id?: string; schoolId_name?: AcademicYearSchoolIdNameCompoundUniqueInput; ... 11 more ...; teacherAssignments?: TeacherAssignmentListRelationFilter; }'.
    Property 'schoolId_name' is missing in type '{ id: string | undefined; }' but required in type '{ id: string; schoolId_name: AcademicYearSchoolIdNameCompoundUniqueInput; }'.
src/controller/student/Academic.ts(33,9): error TS2375: Type '{ id: string | undefined; }' is not assignable to type 'AcademicYearWhereUniqueInput' with 'exactOptionalPropertyTypes: true'. Consider adding 'undefined' to the types of the target's properties.
  Type '{ id: string | undefined; }' is not assignable to type '{ id: string; schoolId_name: AcademicYearSchoolIdNameCompoundUniqueInput; } & { id?: string; schoolId_name?: AcademicYearSchoolIdNameCompoundUniqueInput; ... 11 more ...; teacherAssignments?: TeacherAssignmentListRelationFilter; }'.
    Property 'schoolId_name' is missing in type '{ id: string | undefined; }' but required in type '{ id: string; schoolId_name: AcademicYearSchoolIdNameCompoundUniqueInput; }'.
src/controller/student/Class.controller.ts(26,9): error TS2375: Type '{ name: string; schoolId: string; gradeLevel?: string | undefined; }' is not assignable to type '(Without<ClassCreateInput, ClassUncheckedCreateInput> & ClassUncheckedCreateInput) | (Without<...> & ClassCreateInput)' with 'exactOptionalPropertyTypes: true'. Consider adding 'undefined' to the types of the target's properties.
  Type '{ name: string; schoolId: string; gradeLevel?: string | undefined; }' is not assignable to type 'Without<ClassCreateInput, ClassUncheckedCreateInput> & ClassUncheckedCreateInput' with 'exactOptionalPropertyTypes: true'. Consider adding 'undefined' to the types of the target's properties.
    Type '{ name: string; schoolId: string; gradeLevel?: string | undefined; }' is not assignable to type 'ClassUncheckedCreateInput' with 'exactOptionalPropertyTypes: true'. Consider adding 'undefined' to the types of the target's properties.
      Types of property 'gradeLevel' are incompatible.
        Type 'string | undefined' is not assignable to type 'string | null'.
          Type 'undefined' is not assignable to type 'string | null'.
src/controller/student/Class.controller.ts(82,9): error TS2375: Type '{ id: string | undefined; }' is not assignable to type 'ClassWhereUniqueInput' with 'exactOptionalPropertyTypes: true'. Consider adding 'undefined' to the types of the target's properties.
  Type '{ id: string | undefined; }' is not assignable to type '{ id: string; schoolId_name: ClassSchoolIdNameCompoundUniqueInput; } & { id?: string; schoolId_name?: ClassSchoolIdNameCompoundUniqueInput; ... 9 more ...; sections?: SectionListRelationFilter; }'.
    Property 'schoolId_name' is missing in type '{ id: string | undefined; }' but required in type '{ id: string; schoolId_name: ClassSchoolIdNameCompoundUniqueInput; }'.
src/controller/student/Class.controller.ts(102,55): error TS2375: Type '{ id: string | undefined; }' is not assignable to type 'ClassWhereUniqueInput' with 'exactOptionalPropertyTypes: true'. Consider adding 'undefined' to the types of the target's properties.
  Type '{ id: string | undefined; }' is not assignable to type '{ id: string; schoolId_name: ClassSchoolIdNameCompoundUniqueInput; } & { id?: string; schoolId_name?: ClassSchoolIdNameCompoundUniqueInput; ... 9 more ...; sections?: SectionListRelationFilter; }'.
    Property 'schoolId_name' is missing in type '{ id: string | undefined; }' but required in type '{ id: string; schoolId_name: ClassSchoolIdNameCompoundUniqueInput; }'.
src/controller/student/Class.controller.ts(124,9): error TS2375: Type '{ id: string | undefined; }' is not assignable to type 'ClassWhereUniqueInput' with 'exactOptionalPropertyTypes: true'. Consider adding 'undefined' to the types of the target's properties.
  Type '{ id: string | undefined; }' is not assignable to type '{ id: string; schoolId_name: ClassSchoolIdNameCompoundUniqueInput; } & { id?: string; schoolId_name?: ClassSchoolIdNameCompoundUniqueInput; ... 9 more ...; sections?: SectionListRelationFilter; }'.
    Property 'schoolId_name' is missing in type '{ id: string | undefined; }' but required in type '{ id: string; schoolId_name: ClassSchoolIdNameCompoundUniqueInput; }'.
src/controller/student/Class.controller.ts(125,9): error TS2375: Type '{ name?: string | undefined; gradeLevel?: string | undefined; }' is not assignable to type '(Without<ClassUpdateInput, ClassUncheckedUpdateInput> & ClassUncheckedUpdateInput) | (Without<...> & ClassUpdateInput)' with 'exactOptionalPropertyTypes: true'. Consider adding 'undefined' to the types of the target's properties.
  Type '{ name?: string | undefined; gradeLevel?: string | undefined; }' is not assignable to type 'Without<ClassUncheckedUpdateInput, ClassUpdateInput> & ClassUpdateInput' with 'exactOptionalPropertyTypes: true'. Consider adding 'undefined' to the types of the target's properties.
    Type '{ name?: string | undefined; gradeLevel?: string | undefined; }' is not assignable to type 'ClassUpdateInput' with 'exactOptionalPropertyTypes: true'. Consider adding 'undefined' to the types of the target's properties.
      Types of property 'name' are incompatible.
        Type 'string | undefined' is not assignable to type 'string | StringFieldUpdateOperationsInput'.
          Type 'undefined' is not assignable to type 'string | StringFieldUpdateOperationsInput'.
src/controller/student/Class.controller.ts(135,55): error TS2375: Type '{ id: string | undefined; }' is not assignable to type 'ClassWhereUniqueInput' with 'exactOptionalPropertyTypes: true'. Consider adding 'undefined' to the types of the target's properties.
  Type '{ id: string | undefined; }' is not assignable to type '{ id: string; schoolId_name: ClassSchoolIdNameCompoundUniqueInput; } & { id?: string; schoolId_name?: ClassSchoolIdNameCompoundUniqueInput; ... 9 more ...; sections?: SectionListRelationFilter; }'.
    Property 'schoolId_name' is missing in type '{ id: string | undefined; }' but required in type '{ id: string; schoolId_name: ClassSchoolIdNameCompoundUniqueInput; }'.
src/controller/student/Class.controller.ts(141,9): error TS2375: Type '{ id: string | undefined; }' is not assignable to type 'ClassWhereUniqueInput' with 'exactOptionalPropertyTypes: true'. Consider adding 'undefined' to the types of the target's properties.
  Type '{ id: string | undefined; }' is not assignable to type '{ id: string; schoolId_name: ClassSchoolIdNameCompoundUniqueInput; } & { id?: string; schoolId_name?: ClassSchoolIdNameCompoundUniqueInput; ... 9 more ...; sections?: SectionListRelationFilter; }'.
    Property 'schoolId_name' is missing in type '{ id: string | undefined; }' but required in type '{ id: string; schoolId_name: ClassSchoolIdNameCompoundUniqueInput; }'.
src/controller/student/Section.controller.ts(44,9): error TS2375: Type '{ name: string; classId: string; capacity?: number | undefined; classTeacherId?: string | undefined; }' is not assignable to type '(Without<SectionCreateInput, SectionUncheckedCreateInput> & SectionUncheckedCreateInput) | (Without<...> & SectionCreateInput)' with 'exactOptionalPropertyTypes: true'. Consider adding 'undefined' to the types of the target's properties.
  Type '{ name: string; classId: string; capacity?: number | undefined; classTeacherId?: string | undefined; }' is not assignable to type 'Without<SectionCreateInput, SectionUncheckedCreateInput> & SectionUncheckedCreateInput' with 'exactOptionalPropertyTypes: true'. Consider adding 'undefined' to the types of the target's properties.
    Type '{ name: string; classId: string; capacity?: number | undefined; classTeacherId?: string | undefined; }' is not assignable to type 'SectionUncheckedCreateInput' with 'exactOptionalPropertyTypes: true'. Consider adding 'undefined' to the types of the target's properties.
      Types of property 'capacity' are incompatible.
        Type 'number | undefined' is not assignable to type 'number | null'.
          Type 'undefined' is not assignable to type 'number | null'.
src/controller/student/Section.controller.ts(102,9): error TS2375: Type '{ id: string | undefined; }' is not assignable to type 'SectionWhereUniqueInput' with 'exactOptionalPropertyTypes: true'. Consider adding 'undefined' to the types of the target's properties.
  Type '{ id: string | undefined; }' is not assignable to type '{ id: string; classId_name: SectionClassIdNameCompoundUniqueInput; } & { id?: string; classId_name?: SectionClassIdNameCompoundUniqueInput; ... 12 more ...; teacherAssignments?: TeacherAssignmentListRelationFilter; }'.
    Property 'classId_name' is missing in type '{ id: string | undefined; }' but required in type '{ id: string; classId_name: SectionClassIdNameCompoundUniqueInput; }'.
src/controller/student/Section.controller.ts(125,55): error TS2375: Type '{ id: string | undefined; }' is not assignable to type 'SectionWhereUniqueInput' with 'exactOptionalPropertyTypes: true'. Consider adding 'undefined' to the types of the target's properties.
  Type '{ id: string | undefined; }' is not assignable to type '{ id: string; classId_name: SectionClassIdNameCompoundUniqueInput; } & { id?: string; classId_name?: SectionClassIdNameCompoundUniqueInput; ... 12 more ...; teacherAssignments?: TeacherAssignmentListRelationFilter; }'.
    Property 'classId_name' is missing in type '{ id: string | undefined; }' but required in type '{ id: string; classId_name: SectionClassIdNameCompoundUniqueInput; }'.
src/controller/student/Section.controller.ts(157,9): error TS2375: Type '{ id: string | undefined; }' is not assignable to type 'SectionWhereUniqueInput' with 'exactOptionalPropertyTypes: true'. Consider adding 'undefined' to the types of the target's properties.
  Type '{ id: string | undefined; }' is not assignable to type '{ id: string; classId_name: SectionClassIdNameCompoundUniqueInput; } & { id?: string; classId_name?: SectionClassIdNameCompoundUniqueInput; ... 12 more ...; teacherAssignments?: TeacherAssignmentListRelationFilter; }'.
    Property 'classId_name' is missing in type '{ id: string | undefined; }' but required in type '{ id: string; classId_name: SectionClassIdNameCompoundUniqueInput; }'.
src/controller/student/Section.controller.ts(158,9): error TS2375: Type '{ name?: string | undefined; capacity?: number | undefined; classTeacherId?: string | undefined; }' is not assignable to type '(Without<SectionUpdateInput, SectionUncheckedUpdateInput> & SectionUncheckedUpdateInput) | (Without<...> & SectionUpdateInput)' with 'exactOptionalPropertyTypes: true'. Consider adding 'undefined' to the types of the target's properties.
  Type '{ name?: string | undefined; capacity?: number | undefined; classTeacherId?: string | undefined; }' is not assignable to type 'Without<SectionUncheckedUpdateInput, SectionUpdateInput> & SectionUpdateInput' with 'exactOptionalPropertyTypes: true'. Consider adding 'undefined' to the types of the target's properties.
    Type '{ name?: string | undefined; capacity?: number | undefined; classTeacherId?: string | undefined; }' is not assignable to type 'Without<SectionUncheckedUpdateInput, SectionUpdateInput>' with 'exactOptionalPropertyTypes: true'. Consider adding 'undefined' to the types of the target's properties.
      Types of property 'classTeacherId' are incompatible.
        Type 'string | undefined' is not assignable to type 'never'.
          Type 'undefined' is not assignable to type 'never'.
src/controller/student/Section.controller.ts(168,55): error TS2375: Type '{ id: string | undefined; }' is not assignable to type 'SectionWhereUniqueInput' with 'exactOptionalPropertyTypes: true'. Consider adding 'undefined' to the types of the target's properties.
  Type '{ id: string | undefined; }' is not assignable to type '{ id: string; classId_name: SectionClassIdNameCompoundUniqueInput; } & { id?: string; classId_name?: SectionClassIdNameCompoundUniqueInput; ... 12 more ...; teacherAssignments?: TeacherAssignmentListRelationFilter; }'.
    Property 'classId_name' is missing in type '{ id: string | undefined; }' but required in type '{ id: string; classId_name: SectionClassIdNameCompoundUniqueInput; }'.
src/controller/student/Section.controller.ts(174,9): error TS2375: Type '{ id: string | undefined; }' is not assignable to type 'SectionWhereUniqueInput' with 'exactOptionalPropertyTypes: true'. Consider adding 'undefined' to the types of the target's properties.
  Type '{ id: string | undefined; }' is not assignable to type '{ id: string; classId_name: SectionClassIdNameCompoundUniqueInput; } & { id?: string; classId_name?: SectionClassIdNameCompoundUniqueInput; ... 12 more ...; teacherAssignments?: TeacherAssignmentListRelationFilter; }'.
    Property 'classId_name' is missing in type '{ id: string | undefined; }' but required in type '{ id: string; classId_name: SectionClassIdNameCompoundUniqueInput; }'.
src/controller/teacher/Teacher.controller.ts(28,9): error TS2375: Type '{ firstName: string; lastName: string; email: string; schoolId: string; phone?: string | null | undefined; hireDate?: Date | null | undefined; }' is not assignable to type '(Without<TeacherCreateInput, TeacherUncheckedCreateInput> & TeacherUncheckedCreateInput) | (Without<...> & TeacherCreateInput)' with 'exactOptionalPropertyTypes: true'. Consider adding 'undefined' to the types of the target's properties.
  Type '{ firstName: string; lastName: string; email: string; schoolId: string; phone?: string | null | undefined; hireDate?: Date | null | undefined; }' is not assignable to type 'Without<TeacherCreateInput, TeacherUncheckedCreateInput> & TeacherUncheckedCreateInput' with 'exactOptionalPropertyTypes: true'. Consider adding 'undefined' to the types of the target's properties.
    Type '{ firstName: string; lastName: string; email: string; schoolId: string; phone?: string | null | undefined; hireDate?: Date | null | undefined; }' is not assignable to type 'TeacherUncheckedCreateInput' with 'exactOptionalPropertyTypes: true'. Consider adding 'undefined' to the types of the target's properties.
      Types of property 'phone' are incompatible.
        Type 'string | null | undefined' is not assignable to type 'string | null'.
          Type 'undefined' is not assignable to type 'string | null'.
src/controller/teacher/Teacher.controller.ts(87,9): error TS2375: Type '{ id: string | undefined; }' is not assignable to type 'TeacherWhereUniqueInput' with 'exactOptionalPropertyTypes: true'. Consider adding 'undefined' to the types of the target's properties.
  Type '{ id: string | undefined; }' is not assignable to type '{ id: string; email: string; } & { id?: string; email?: string; AND?: TeacherWhereInput | TeacherWhereInput[]; OR?: TeacherWhereInput[]; ... 11 more ...; attendances?: TeacherAttendanceListRelationFilter; }'.
    Property 'email' is missing in type '{ id: string | undefined; }' but required in type '{ id: string; email: string; }'.
src/controller/teacher/Teacher.controller.ts(120,55): error TS2375: Type '{ id: string | undefined; }' is not assignable to type 'TeacherWhereUniqueInput' with 'exactOptionalPropertyTypes: true'. Consider adding 'undefined' to the types of the target's properties.
  Type '{ id: string | undefined; }' is not assignable to type '{ id: string; email: string; } & { id?: string; email?: string; AND?: TeacherWhereInput | TeacherWhereInput[]; OR?: TeacherWhereInput[]; ... 11 more ...; attendances?: TeacherAttendanceListRelationFilter; }'.
    Property 'email' is missing in type '{ id: string | undefined; }' but required in type '{ id: string; email: string; }'.
src/controller/teacher/Teacher.controller.ts(136,9): error TS2375: Type '{ id: string | undefined; }' is not assignable to type 'TeacherWhereUniqueInput' with 'exactOptionalPropertyTypes: true'. Consider adding 'undefined' to the types of the target's properties.
  Type '{ id: string | undefined; }' is not assignable to type '{ id: string; email: string; } & { id?: string; email?: string; AND?: TeacherWhereInput | TeacherWhereInput[]; OR?: TeacherWhereInput[]; ... 11 more ...; attendances?: TeacherAttendanceListRelationFilter; }'.
    Property 'email' is missing in type '{ id: string | undefined; }' but required in type '{ id: string; email: string; }'.
src/controller/teacher/Teacher.controller.ts(137,9): error TS2375: Type '{ firstName?: string | undefined; lastName?: string | undefined; email?: string | undefined; phone?: string | null | undefined; hireDate?: Date | null | undefined; }' is not assignable to type '(Without<TeacherUpdateInput, TeacherUncheckedUpdateInput> & TeacherUncheckedUpdateInput) | (Without<...> & TeacherUpdateInput)' with 'exactOptionalPropertyTypes: true'. Consider adding 'undefined' to the types of the target's properties.
  Type '{ firstName?: string | undefined; lastName?: string | undefined; email?: string | undefined; phone?: string | null | undefined; hireDate?: Date | null | undefined; }' is not assignable to type 'Without<TeacherUncheckedUpdateInput, TeacherUpdateInput> & TeacherUpdateInput' with 'exactOptionalPropertyTypes: true'. Consider adding 'undefined' to the types of the target's properties.
    Type '{ firstName?: string | undefined; lastName?: string | undefined; email?: string | undefined; phone?: string | null | undefined; hireDate?: Date | null | undefined; }' is not assignable to type 'TeacherUpdateInput' with 'exactOptionalPropertyTypes: true'. Consider adding 'undefined' to the types of the target's properties.
      Types of property 'firstName' are incompatible.
        Type 'string | undefined' is not assignable to type 'string | StringFieldUpdateOperationsInput'.
          Type 'undefined' is not assignable to type 'string | StringFieldUpdateOperationsInput'.
src/controller/teacher/Teacher.controller.ts(146,55): error TS2375: Type '{ id: string | undefined; }' is not assignable to type 'TeacherWhereUniqueInput' with 'exactOptionalPropertyTypes: true'. Consider adding 'undefined' to the types of the target's properties.
  Type '{ id: string | undefined; }' is not assignable to type '{ id: string; email: string; } & { id?: string; email?: string; AND?: TeacherWhereInput | TeacherWhereInput[]; OR?: TeacherWhereInput[]; ... 11 more ...; attendances?: TeacherAttendanceListRelationFilter; }'.
    Property 'email' is missing in type '{ id: string | undefined; }' but required in type '{ id: string; email: string; }'.
src/controller/teacher/Teacher.controller.ts(152,9): error TS2375: Type '{ id: string | undefined; }' is not assignable to type 'TeacherWhereUniqueInput' with 'exactOptionalPropertyTypes: true'. Consider adding 'undefined' to the types of the target's properties.
  Type '{ id: string | undefined; }' is not assignable to type '{ id: string; email: string; } & { id?: string; email?: string; AND?: TeacherWhereInput | TeacherWhereInput[]; OR?: TeacherWhereInput[]; ... 11 more ...; attendances?: TeacherAttendanceListRelationFilter; }'.
    Property 'email' is missing in type '{ id: string | undefined; }' but required in type '{ id: string; email: string; }'.
